// Jest Snapshot v1, https://goo.gl/fbAQLP

exports[`App render App component 1`] = `
<DocumentFragment>
  <div>
    <div />
    <div>
      yyy
    </div>
    <header>
      <nav>
        <ul>
          <li>
            <a
              href="/"
            >
              Main
            </a>
          </li>
          <li>
            <a
              href="/about"
            >
              About Us
            </a>
          </li>
        </ul>
      </nav>
    </header>
    <div>
      <div>
        <form
          class="searchbar"
        >
          <div
            class="absolute"
          >
            <svg
              aria-hidden="true"
              class="svg-inline--fa fa-magnifying-glass "
              data-icon="magnifying-glass"
              data-prefix="fas"
              focusable="false"
              role="img"
              viewBox="0 0 512 512"
              xmlns="http://www.w3.org/2000/svg"
            >
              <path
                d="M416 208c0 45.9-14.9 88.3-40 122.7L502.6 457.4c12.5 12.5 12.5 32.8 0 45.3s-32.8 12.5-45.3 0L330.7 376c-34.4 25.2-76.8 40-122.7 40C93.1 416 0 322.9 0 208S93.1 0 208 0S416 93.1 416 208zM208 352c79.5 0 144-64.5 144-144s-64.5-144-144-144S64 128.5 64 208s64.5 144 144 144z"
                fill="currentColor"
              />
            </svg>
          </div>
          <input
            type="text"
            value=""
          />
        </form>
      </div>
      <div
        class="card-wrapper"
      >
        <a
          href="/product/1"
        >
          <div
            class="card-container"
          >
            <div
              class="card-general"
            >
              <img
                alt="product"
                class="img"
                src="https://i.pinimg.com/564x/fd/5a/53/fd5a53339e851a066b39e07d377e59c5.jpg"
              />
              <h3>
                20$
              </h3>
            </div>
            <br />
            <div
              class="card-additional"
            >
              <p
                class="card__title"
              >
                Sweet
              </p>
              <p
                class="card__description"
              >
                You can buy it if you want to feel some warm with your clithes and do you think about your hands? You can warm it with our gloves)
              </p>
              <br />
              <p
                class="card__date"
              >
                16/02/14
                <svg
                  aria-hidden="true"
                  class="svg-inline--fa fa-share-nodes "
                  data-icon="share-nodes"
                  data-prefix="fas"
                  focusable="false"
                  role="img"
                  viewBox="0 0 448 512"
                  xmlns="http://www.w3.org/2000/svg"
                >
                  <path
                    d="M352 224c53 0 96-43 96-96s-43-96-96-96s-96 43-96 96c0 4 .2 8 .7 11.9l-94.1 47C145.4 170.2 121.9 160 96 160c-53 0-96 43-96 96s43 96 96 96c25.9 0 49.4-10.2 66.6-26.9l94.1 47c-.5 3.9-.7 7.8-.7 11.9c0 53 43 96 96 96s96-43 96-96s-43-96-96-96c-25.9 0-49.4 10.2-66.6 26.9l-94.1-47c.5-3.9 .7-7.8 .7-11.9s-.2-8-.7-11.9l94.1-47C302.6 213.8 326.1 224 352 224z"
                    fill="currentColor"
                  />
                </svg>
              </p>
            </div>
            <br />
            <div
              class="card-additional-horizontal"
            >
              <p
                class="card__likes"
              >
                100
                <svg
                  aria-hidden="true"
                  class="svg-inline--fa fa-thumbs-up "
                  data-icon="thumbs-up"
                  data-prefix="fas"
                  focusable="false"
                  role="img"
                  viewBox="0 0 512 512"
                  xmlns="http://www.w3.org/2000/svg"
                >
                  <path
                    d="M313.4 32.9c26 5.2 42.9 30.5 37.7 56.5l-2.3 11.4c-5.3 26.7-15.1 52.1-28.8 75.2H464c26.5 0 48 21.5 48 48c0 25.3-19.5 46-44.3 47.9c7.7 8.5 12.3 19.8 12.3 32.1c0 23.4-16.8 42.9-38.9 47.1c4.4 7.2 6.9 15.8 6.9 24.9c0 21.3-13.9 39.4-33.1 45.6c.7 3.3 1.1 6.8 1.1 10.4c0 26.5-21.5 48-48 48H294.5c-19 0-37.5-5.6-53.3-16.1l-38.5-25.7C176 420.4 160 390.4 160 358.3V320 272 247.1c0-29.2 13.3-56.7 36-75l7.4-5.9c26.5-21.2 44.6-51 51.2-84.2l2.3-11.4c5.2-26 30.5-42.9 56.5-37.7zM32 192H96c17.7 0 32 14.3 32 32V448c0 17.7-14.3 32-32 32H32c-17.7 0-32-14.3-32-32V224c0-17.7 14.3-32 32-32z"
                    fill="currentColor"
                  />
                </svg>
              </p>
              <p
                class="card__watches"
              >
                300
                <svg
                  aria-hidden="true"
                  class="svg-inline--fa fa-eye "
                  data-icon="eye"
                  data-prefix="fas"
                  focusable="false"
                  role="img"
                  viewBox="0 0 576 512"
                  xmlns="http://www.w3.org/2000/svg"
                >
                  <path
                    d="M288 32c-80.8 0-145.5 36.8-192.6 80.6C48.6 156 17.3 208 2.5 243.7c-3.3 7.9-3.3 16.7 0 24.6C17.3 304 48.6 356 95.4 399.4C142.5 443.2 207.2 480 288 480s145.5-36.8 192.6-80.6c46.8-43.5 78.1-95.4 93-131.1c3.3-7.9 3.3-16.7 0-24.6c-14.9-35.7-46.2-87.7-93-131.1C433.5 68.8 368.8 32 288 32zM432 256c0 79.5-64.5 144-144 144s-144-64.5-144-144s64.5-144 144-144s144 64.5 144 144zM288 192c0 35.3-28.7 64-64 64c-11.5 0-22.3-3-31.6-8.4c-.2 2.8-.4 5.5-.4 8.4c0 53 43 96 96 96s96-43 96-96s-43-96-96-96c-2.8 0-5.6 .1-8.4 .4c5.3 9.3 8.4 20.1 8.4 31.6z"
                    fill="currentColor"
                  />
                </svg>
              </p>
            </div>
            <div
              class="icon-heart"
            >
              <svg
                aria-hidden="true"
                class="svg-inline--fa fa-heart "
                data-icon="heart"
                data-prefix="far"
                focusable="false"
                role="img"
                viewBox="0 0 512 512"
                xmlns="http://www.w3.org/2000/svg"
              >
                <path
                  d="M244 84L255.1 96L267.1 84.02C300.6 51.37 347 36.51 392.6 44.1C461.5 55.58 512 115.2 512 185.1V190.9C512 232.4 494.8 272.1 464.4 300.4L283.7 469.1C276.2 476.1 266.3 480 256 480C245.7 480 235.8 476.1 228.3 469.1L47.59 300.4C17.23 272.1 0 232.4 0 190.9V185.1C0 115.2 50.52 55.58 119.4 44.1C164.1 36.51 211.4 51.37 244 84C243.1 84 244 84.01 244 84L244 84zM255.1 163.9L210.1 117.1C188.4 96.28 157.6 86.4 127.3 91.44C81.55 99.07 48 138.7 48 185.1V190.9C48 219.1 59.71 246.1 80.34 265.3L256 429.3L431.7 265.3C452.3 246.1 464 219.1 464 190.9V185.1C464 138.7 430.4 99.07 384.7 91.44C354.4 86.4 323.6 96.28 301.9 117.1L255.1 163.9z"
                  fill="currentColor"
                />
              </svg>
            </div>
          </div>
        </a>
        <a
          href="/product/2"
        >
          <div
            class="card-container"
          >
            <div
              class="card-general"
            >
              <img
                alt="product"
                class="img"
                src="https://i.pinimg.com/564x/fd/5a/53/fd5a53339e851a066b39e07d377e59c5.jpg"
              />
              <h3>
                SOLD OUT
              </h3>
            </div>
            <br />
            <div
              class="card-additional"
            >
              <p
                class="card__title"
              >
                Sweet
              </p>
              <p
                class="card__description"
              >
                You can buy it if you want to feel some warm with your clithes and do you think about your hands? You can warm it with our gloves)
              </p>
              <br />
              <p
                class="card__date"
              >
                01/12/16
                <svg
                  aria-hidden="true"
                  class="svg-inline--fa fa-share-nodes "
                  data-icon="share-nodes"
                  data-prefix="fas"
                  focusable="false"
                  role="img"
                  viewBox="0 0 448 512"
                  xmlns="http://www.w3.org/2000/svg"
                >
                  <path
                    d="M352 224c53 0 96-43 96-96s-43-96-96-96s-96 43-96 96c0 4 .2 8 .7 11.9l-94.1 47C145.4 170.2 121.9 160 96 160c-53 0-96 43-96 96s43 96 96 96c25.9 0 49.4-10.2 66.6-26.9l94.1 47c-.5 3.9-.7 7.8-.7 11.9c0 53 43 96 96 96s96-43 96-96s-43-96-96-96c-25.9 0-49.4 10.2-66.6 26.9l-94.1-47c.5-3.9 .7-7.8 .7-11.9s-.2-8-.7-11.9l94.1-47C302.6 213.8 326.1 224 352 224z"
                    fill="currentColor"
                  />
                </svg>
              </p>
            </div>
            <br />
            <div
              class="card-additional-horizontal"
            >
              <p
                class="card__likes"
              >
                500
                <svg
                  aria-hidden="true"
                  class="svg-inline--fa fa-thumbs-up "
                  data-icon="thumbs-up"
                  data-prefix="fas"
                  focusable="false"
                  role="img"
                  viewBox="0 0 512 512"
                  xmlns="http://www.w3.org/2000/svg"
                >
                  <path
                    d="M313.4 32.9c26 5.2 42.9 30.5 37.7 56.5l-2.3 11.4c-5.3 26.7-15.1 52.1-28.8 75.2H464c26.5 0 48 21.5 48 48c0 25.3-19.5 46-44.3 47.9c7.7 8.5 12.3 19.8 12.3 32.1c0 23.4-16.8 42.9-38.9 47.1c4.4 7.2 6.9 15.8 6.9 24.9c0 21.3-13.9 39.4-33.1 45.6c.7 3.3 1.1 6.8 1.1 10.4c0 26.5-21.5 48-48 48H294.5c-19 0-37.5-5.6-53.3-16.1l-38.5-25.7C176 420.4 160 390.4 160 358.3V320 272 247.1c0-29.2 13.3-56.7 36-75l7.4-5.9c26.5-21.2 44.6-51 51.2-84.2l2.3-11.4c5.2-26 30.5-42.9 56.5-37.7zM32 192H96c17.7 0 32 14.3 32 32V448c0 17.7-14.3 32-32 32H32c-17.7 0-32-14.3-32-32V224c0-17.7 14.3-32 32-32z"
                    fill="currentColor"
                  />
                </svg>
              </p>
              <p
                class="card__watches"
              >
                1700
                <svg
                  aria-hidden="true"
                  class="svg-inline--fa fa-eye "
                  data-icon="eye"
                  data-prefix="fas"
                  focusable="false"
                  role="img"
                  viewBox="0 0 576 512"
                  xmlns="http://www.w3.org/2000/svg"
                >
                  <path
                    d="M288 32c-80.8 0-145.5 36.8-192.6 80.6C48.6 156 17.3 208 2.5 243.7c-3.3 7.9-3.3 16.7 0 24.6C17.3 304 48.6 356 95.4 399.4C142.5 443.2 207.2 480 288 480s145.5-36.8 192.6-80.6c46.8-43.5 78.1-95.4 93-131.1c3.3-7.9 3.3-16.7 0-24.6c-14.9-35.7-46.2-87.7-93-131.1C433.5 68.8 368.8 32 288 32zM432 256c0 79.5-64.5 144-144 144s-144-64.5-144-144s64.5-144 144-144s144 64.5 144 144zM288 192c0 35.3-28.7 64-64 64c-11.5 0-22.3-3-31.6-8.4c-.2 2.8-.4 5.5-.4 8.4c0 53 43 96 96 96s96-43 96-96s-43-96-96-96c-2.8 0-5.6 .1-8.4 .4c5.3 9.3 8.4 20.1 8.4 31.6z"
                    fill="currentColor"
                  />
                </svg>
              </p>
            </div>
            <div
              class="icon-heart"
            >
              <svg
                aria-hidden="true"
                class="svg-inline--fa fa-heart "
                data-icon="heart"
                data-prefix="far"
                focusable="false"
                role="img"
                viewBox="0 0 512 512"
                xmlns="http://www.w3.org/2000/svg"
              >
                <path
                  d="M244 84L255.1 96L267.1 84.02C300.6 51.37 347 36.51 392.6 44.1C461.5 55.58 512 115.2 512 185.1V190.9C512 232.4 494.8 272.1 464.4 300.4L283.7 469.1C276.2 476.1 266.3 480 256 480C245.7 480 235.8 476.1 228.3 469.1L47.59 300.4C17.23 272.1 0 232.4 0 190.9V185.1C0 115.2 50.52 55.58 119.4 44.1C164.1 36.51 211.4 51.37 244 84C243.1 84 244 84.01 244 84L244 84zM255.1 163.9L210.1 117.1C188.4 96.28 157.6 86.4 127.3 91.44C81.55 99.07 48 138.7 48 185.1V190.9C48 219.1 59.71 246.1 80.34 265.3L256 429.3L431.7 265.3C452.3 246.1 464 219.1 464 190.9V185.1C464 138.7 430.4 99.07 384.7 91.44C354.4 86.4 323.6 96.28 301.9 117.1L255.1 163.9z"
                  fill="currentColor"
                />
              </svg>
            </div>
          </div>
        </a>
        <a
          href="/product/3"
        >
          <div
            class="card-container"
          >
            <div
              class="card-general"
            >
              <img
                alt="product"
                class="img"
                src="https://i.pinimg.com/564x/fd/5a/53/fd5a53339e851a066b39e07d377e59c5.jpg"
              />
              <h3>
                50$
              </h3>
            </div>
            <br />
            <div
              class="card-additional"
            >
              <p
                class="card__title"
              >
                Sweet
              </p>
              <p
                class="card__description"
              >
                You can buy it if you want to feel some warm with your clithes and do you think about your hands? You can warm it with our gloves)
              </p>
              <br />
              <p
                class="card__date"
              >
                25/06/20
                <svg
                  aria-hidden="true"
                  class="svg-inline--fa fa-share-nodes "
                  data-icon="share-nodes"
                  data-prefix="fas"
                  focusable="false"
                  role="img"
                  viewBox="0 0 448 512"
                  xmlns="http://www.w3.org/2000/svg"
                >
                  <path
                    d="M352 224c53 0 96-43 96-96s-43-96-96-96s-96 43-96 96c0 4 .2 8 .7 11.9l-94.1 47C145.4 170.2 121.9 160 96 160c-53 0-96 43-96 96s43 96 96 96c25.9 0 49.4-10.2 66.6-26.9l94.1 47c-.5 3.9-.7 7.8-.7 11.9c0 53 43 96 96 96s96-43 96-96s-43-96-96-96c-25.9 0-49.4 10.2-66.6 26.9l-94.1-47c.5-3.9 .7-7.8 .7-11.9s-.2-8-.7-11.9l94.1-47C302.6 213.8 326.1 224 352 224z"
                    fill="currentColor"
                  />
                </svg>
              </p>
            </div>
            <br />
            <div
              class="card-additional-horizontal"
            >
              <p
                class="card__likes"
              >
                5760
                <svg
                  aria-hidden="true"
                  class="svg-inline--fa fa-thumbs-up "
                  data-icon="thumbs-up"
                  data-prefix="fas"
                  focusable="false"
                  role="img"
                  viewBox="0 0 512 512"
                  xmlns="http://www.w3.org/2000/svg"
                >
                  <path
                    d="M313.4 32.9c26 5.2 42.9 30.5 37.7 56.5l-2.3 11.4c-5.3 26.7-15.1 52.1-28.8 75.2H464c26.5 0 48 21.5 48 48c0 25.3-19.5 46-44.3 47.9c7.7 8.5 12.3 19.8 12.3 32.1c0 23.4-16.8 42.9-38.9 47.1c4.4 7.2 6.9 15.8 6.9 24.9c0 21.3-13.9 39.4-33.1 45.6c.7 3.3 1.1 6.8 1.1 10.4c0 26.5-21.5 48-48 48H294.5c-19 0-37.5-5.6-53.3-16.1l-38.5-25.7C176 420.4 160 390.4 160 358.3V320 272 247.1c0-29.2 13.3-56.7 36-75l7.4-5.9c26.5-21.2 44.6-51 51.2-84.2l2.3-11.4c5.2-26 30.5-42.9 56.5-37.7zM32 192H96c17.7 0 32 14.3 32 32V448c0 17.7-14.3 32-32 32H32c-17.7 0-32-14.3-32-32V224c0-17.7 14.3-32 32-32z"
                    fill="currentColor"
                  />
                </svg>
              </p>
              <p
                class="card__watches"
              >
                25600
                <svg
                  aria-hidden="true"
                  class="svg-inline--fa fa-eye "
                  data-icon="eye"
                  data-prefix="fas"
                  focusable="false"
                  role="img"
                  viewBox="0 0 576 512"
                  xmlns="http://www.w3.org/2000/svg"
                >
                  <path
                    d="M288 32c-80.8 0-145.5 36.8-192.6 80.6C48.6 156 17.3 208 2.5 243.7c-3.3 7.9-3.3 16.7 0 24.6C17.3 304 48.6 356 95.4 399.4C142.5 443.2 207.2 480 288 480s145.5-36.8 192.6-80.6c46.8-43.5 78.1-95.4 93-131.1c3.3-7.9 3.3-16.7 0-24.6c-14.9-35.7-46.2-87.7-93-131.1C433.5 68.8 368.8 32 288 32zM432 256c0 79.5-64.5 144-144 144s-144-64.5-144-144s64.5-144 144-144s144 64.5 144 144zM288 192c0 35.3-28.7 64-64 64c-11.5 0-22.3-3-31.6-8.4c-.2 2.8-.4 5.5-.4 8.4c0 53 43 96 96 96s96-43 96-96s-43-96-96-96c-2.8 0-5.6 .1-8.4 .4c5.3 9.3 8.4 20.1 8.4 31.6z"
                    fill="currentColor"
                  />
                </svg>
              </p>
            </div>
            <div
              class="icon-heart"
            >
              <svg
                aria-hidden="true"
                class="svg-inline--fa fa-heart "
                data-icon="heart"
                data-prefix="far"
                focusable="false"
                role="img"
                viewBox="0 0 512 512"
                xmlns="http://www.w3.org/2000/svg"
              >
                <path
                  d="M244 84L255.1 96L267.1 84.02C300.6 51.37 347 36.51 392.6 44.1C461.5 55.58 512 115.2 512 185.1V190.9C512 232.4 494.8 272.1 464.4 300.4L283.7 469.1C276.2 476.1 266.3 480 256 480C245.7 480 235.8 476.1 228.3 469.1L47.59 300.4C17.23 272.1 0 232.4 0 190.9V185.1C0 115.2 50.52 55.58 119.4 44.1C164.1 36.51 211.4 51.37 244 84C243.1 84 244 84.01 244 84L244 84zM255.1 163.9L210.1 117.1C188.4 96.28 157.6 86.4 127.3 91.44C81.55 99.07 48 138.7 48 185.1V190.9C48 219.1 59.71 246.1 80.34 265.3L256 429.3L431.7 265.3C452.3 246.1 464 219.1 464 190.9V185.1C464 138.7 430.4 99.07 384.7 91.44C354.4 86.4 323.6 96.28 301.9 117.1L255.1 163.9z"
                  fill="currentColor"
                />
              </svg>
            </div>
          </div>
        </a>
        <a
          href="/product/4"
        >
          <div
            class="card-container"
          >
            <div
              class="card-general"
            >
              <img
                alt="product"
                class="img"
                src="https://i.pinimg.com/564x/fd/5a/53/fd5a53339e851a066b39e07d377e59c5.jpg"
              />
              <h3>
                20$
              </h3>
            </div>
            <br />
            <div
              class="card-additional"
            >
              <p
                class="card__title"
              >
                Sweet
              </p>
              <p
                class="card__description"
              >
                You can buy it if you want to feel some warm with your clithes and do you think about your hands? You can warm it with our gloves)
              </p>
              <br />
              <p
                class="card__date"
              >
                16/02/14
                <svg
                  aria-hidden="true"
                  class="svg-inline--fa fa-share-nodes "
                  data-icon="share-nodes"
                  data-prefix="fas"
                  focusable="false"
                  role="img"
                  viewBox="0 0 448 512"
                  xmlns="http://www.w3.org/2000/svg"
                >
                  <path
                    d="M352 224c53 0 96-43 96-96s-43-96-96-96s-96 43-96 96c0 4 .2 8 .7 11.9l-94.1 47C145.4 170.2 121.9 160 96 160c-53 0-96 43-96 96s43 96 96 96c25.9 0 49.4-10.2 66.6-26.9l94.1 47c-.5 3.9-.7 7.8-.7 11.9c0 53 43 96 96 96s96-43 96-96s-43-96-96-96c-25.9 0-49.4 10.2-66.6 26.9l-94.1-47c.5-3.9 .7-7.8 .7-11.9s-.2-8-.7-11.9l94.1-47C302.6 213.8 326.1 224 352 224z"
                    fill="currentColor"
                  />
                </svg>
              </p>
            </div>
            <br />
            <div
              class="card-additional-horizontal"
            >
              <p
                class="card__likes"
              >
                100
                <svg
                  aria-hidden="true"
                  class="svg-inline--fa fa-thumbs-up "
                  data-icon="thumbs-up"
                  data-prefix="fas"
                  focusable="false"
                  role="img"
                  viewBox="0 0 512 512"
                  xmlns="http://www.w3.org/2000/svg"
                >
                  <path
                    d="M313.4 32.9c26 5.2 42.9 30.5 37.7 56.5l-2.3 11.4c-5.3 26.7-15.1 52.1-28.8 75.2H464c26.5 0 48 21.5 48 48c0 25.3-19.5 46-44.3 47.9c7.7 8.5 12.3 19.8 12.3 32.1c0 23.4-16.8 42.9-38.9 47.1c4.4 7.2 6.9 15.8 6.9 24.9c0 21.3-13.9 39.4-33.1 45.6c.7 3.3 1.1 6.8 1.1 10.4c0 26.5-21.5 48-48 48H294.5c-19 0-37.5-5.6-53.3-16.1l-38.5-25.7C176 420.4 160 390.4 160 358.3V320 272 247.1c0-29.2 13.3-56.7 36-75l7.4-5.9c26.5-21.2 44.6-51 51.2-84.2l2.3-11.4c5.2-26 30.5-42.9 56.5-37.7zM32 192H96c17.7 0 32 14.3 32 32V448c0 17.7-14.3 32-32 32H32c-17.7 0-32-14.3-32-32V224c0-17.7 14.3-32 32-32z"
                    fill="currentColor"
                  />
                </svg>
              </p>
              <p
                class="card__watches"
              >
                300
                <svg
                  aria-hidden="true"
                  class="svg-inline--fa fa-eye "
                  data-icon="eye"
                  data-prefix="fas"
                  focusable="false"
                  role="img"
                  viewBox="0 0 576 512"
                  xmlns="http://www.w3.org/2000/svg"
                >
                  <path
                    d="M288 32c-80.8 0-145.5 36.8-192.6 80.6C48.6 156 17.3 208 2.5 243.7c-3.3 7.9-3.3 16.7 0 24.6C17.3 304 48.6 356 95.4 399.4C142.5 443.2 207.2 480 288 480s145.5-36.8 192.6-80.6c46.8-43.5 78.1-95.4 93-131.1c3.3-7.9 3.3-16.7 0-24.6c-14.9-35.7-46.2-87.7-93-131.1C433.5 68.8 368.8 32 288 32zM432 256c0 79.5-64.5 144-144 144s-144-64.5-144-144s64.5-144 144-144s144 64.5 144 144zM288 192c0 35.3-28.7 64-64 64c-11.5 0-22.3-3-31.6-8.4c-.2 2.8-.4 5.5-.4 8.4c0 53 43 96 96 96s96-43 96-96s-43-96-96-96c-2.8 0-5.6 .1-8.4 .4c5.3 9.3 8.4 20.1 8.4 31.6z"
                    fill="currentColor"
                  />
                </svg>
              </p>
            </div>
            <div
              class="icon-heart"
            >
              <svg
                aria-hidden="true"
                class="svg-inline--fa fa-heart "
                data-icon="heart"
                data-prefix="far"
                focusable="false"
                role="img"
                viewBox="0 0 512 512"
                xmlns="http://www.w3.org/2000/svg"
              >
                <path
                  d="M244 84L255.1 96L267.1 84.02C300.6 51.37 347 36.51 392.6 44.1C461.5 55.58 512 115.2 512 185.1V190.9C512 232.4 494.8 272.1 464.4 300.4L283.7 469.1C276.2 476.1 266.3 480 256 480C245.7 480 235.8 476.1 228.3 469.1L47.59 300.4C17.23 272.1 0 232.4 0 190.9V185.1C0 115.2 50.52 55.58 119.4 44.1C164.1 36.51 211.4 51.37 244 84C243.1 84 244 84.01 244 84L244 84zM255.1 163.9L210.1 117.1C188.4 96.28 157.6 86.4 127.3 91.44C81.55 99.07 48 138.7 48 185.1V190.9C48 219.1 59.71 246.1 80.34 265.3L256 429.3L431.7 265.3C452.3 246.1 464 219.1 464 190.9V185.1C464 138.7 430.4 99.07 384.7 91.44C354.4 86.4 323.6 96.28 301.9 117.1L255.1 163.9z"
                  fill="currentColor"
                />
              </svg>
            </div>
          </div>
        </a>
        <a
          href="/product/5"
        >
          <div
            class="card-container"
          >
            <div
              class="card-general"
            >
              <img
                alt="product"
                class="img"
                src="https://i.pinimg.com/564x/fd/5a/53/fd5a53339e851a066b39e07d377e59c5.jpg"
              />
              <h3>
                20$
              </h3>
            </div>
            <br />
            <div
              class="card-additional"
            >
              <p
                class="card__title"
              >
                Sweet
              </p>
              <p
                class="card__description"
              >
                You can buy it if you want to feel some warm with your clithes and do you think about your hands? You can warm it with our gloves)
              </p>
              <br />
              <p
                class="card__date"
              >
                16/02/14
                <svg
                  aria-hidden="true"
                  class="svg-inline--fa fa-share-nodes "
                  data-icon="share-nodes"
                  data-prefix="fas"
                  focusable="false"
                  role="img"
                  viewBox="0 0 448 512"
                  xmlns="http://www.w3.org/2000/svg"
                >
                  <path
                    d="M352 224c53 0 96-43 96-96s-43-96-96-96s-96 43-96 96c0 4 .2 8 .7 11.9l-94.1 47C145.4 170.2 121.9 160 96 160c-53 0-96 43-96 96s43 96 96 96c25.9 0 49.4-10.2 66.6-26.9l94.1 47c-.5 3.9-.7 7.8-.7 11.9c0 53 43 96 96 96s96-43 96-96s-43-96-96-96c-25.9 0-49.4 10.2-66.6 26.9l-94.1-47c.5-3.9 .7-7.8 .7-11.9s-.2-8-.7-11.9l94.1-47C302.6 213.8 326.1 224 352 224z"
                    fill="currentColor"
                  />
                </svg>
              </p>
            </div>
            <br />
            <div
              class="card-additional-horizontal"
            >
              <p
                class="card__likes"
              >
                100
                <svg
                  aria-hidden="true"
                  class="svg-inline--fa fa-thumbs-up "
                  data-icon="thumbs-up"
                  data-prefix="fas"
                  focusable="false"
                  role="img"
                  viewBox="0 0 512 512"
                  xmlns="http://www.w3.org/2000/svg"
                >
                  <path
                    d="M313.4 32.9c26 5.2 42.9 30.5 37.7 56.5l-2.3 11.4c-5.3 26.7-15.1 52.1-28.8 75.2H464c26.5 0 48 21.5 48 48c0 25.3-19.5 46-44.3 47.9c7.7 8.5 12.3 19.8 12.3 32.1c0 23.4-16.8 42.9-38.9 47.1c4.4 7.2 6.9 15.8 6.9 24.9c0 21.3-13.9 39.4-33.1 45.6c.7 3.3 1.1 6.8 1.1 10.4c0 26.5-21.5 48-48 48H294.5c-19 0-37.5-5.6-53.3-16.1l-38.5-25.7C176 420.4 160 390.4 160 358.3V320 272 247.1c0-29.2 13.3-56.7 36-75l7.4-5.9c26.5-21.2 44.6-51 51.2-84.2l2.3-11.4c5.2-26 30.5-42.9 56.5-37.7zM32 192H96c17.7 0 32 14.3 32 32V448c0 17.7-14.3 32-32 32H32c-17.7 0-32-14.3-32-32V224c0-17.7 14.3-32 32-32z"
                    fill="currentColor"
                  />
                </svg>
              </p>
              <p
                class="card__watches"
              >
                300
                <svg
                  aria-hidden="true"
                  class="svg-inline--fa fa-eye "
                  data-icon="eye"
                  data-prefix="fas"
                  focusable="false"
                  role="img"
                  viewBox="0 0 576 512"
                  xmlns="http://www.w3.org/2000/svg"
                >
                  <path
                    d="M288 32c-80.8 0-145.5 36.8-192.6 80.6C48.6 156 17.3 208 2.5 243.7c-3.3 7.9-3.3 16.7 0 24.6C17.3 304 48.6 356 95.4 399.4C142.5 443.2 207.2 480 288 480s145.5-36.8 192.6-80.6c46.8-43.5 78.1-95.4 93-131.1c3.3-7.9 3.3-16.7 0-24.6c-14.9-35.7-46.2-87.7-93-131.1C433.5 68.8 368.8 32 288 32zM432 256c0 79.5-64.5 144-144 144s-144-64.5-144-144s64.5-144 144-144s144 64.5 144 144zM288 192c0 35.3-28.7 64-64 64c-11.5 0-22.3-3-31.6-8.4c-.2 2.8-.4 5.5-.4 8.4c0 53 43 96 96 96s96-43 96-96s-43-96-96-96c-2.8 0-5.6 .1-8.4 .4c5.3 9.3 8.4 20.1 8.4 31.6z"
                    fill="currentColor"
                  />
                </svg>
              </p>
            </div>
            <div
              class="icon-heart"
            >
              <svg
                aria-hidden="true"
                class="svg-inline--fa fa-heart "
                data-icon="heart"
                data-prefix="far"
                focusable="false"
                role="img"
                viewBox="0 0 512 512"
                xmlns="http://www.w3.org/2000/svg"
              >
                <path
                  d="M244 84L255.1 96L267.1 84.02C300.6 51.37 347 36.51 392.6 44.1C461.5 55.58 512 115.2 512 185.1V190.9C512 232.4 494.8 272.1 464.4 300.4L283.7 469.1C276.2 476.1 266.3 480 256 480C245.7 480 235.8 476.1 228.3 469.1L47.59 300.4C17.23 272.1 0 232.4 0 190.9V185.1C0 115.2 50.52 55.58 119.4 44.1C164.1 36.51 211.4 51.37 244 84C243.1 84 244 84.01 244 84L244 84zM255.1 163.9L210.1 117.1C188.4 96.28 157.6 86.4 127.3 91.44C81.55 99.07 48 138.7 48 185.1V190.9C48 219.1 59.71 246.1 80.34 265.3L256 429.3L431.7 265.3C452.3 246.1 464 219.1 464 190.9V185.1C464 138.7 430.4 99.07 384.7 91.44C354.4 86.4 323.6 96.28 301.9 117.1L255.1 163.9z"
                  fill="currentColor"
                />
              </svg>
            </div>
          </div>
        </a>
        <a
          href="/product/6"
        >
          <div
            class="card-container"
          >
            <div
              class="card-general"
            >
              <img
                alt="product"
                class="img"
                src="https://i.pinimg.com/564x/fd/5a/53/fd5a53339e851a066b39e07d377e59c5.jpg"
              />
              <h3>
                20$
              </h3>
            </div>
            <br />
            <div
              class="card-additional"
            >
              <p
                class="card__title"
              >
                Sweet
              </p>
              <p
                class="card__description"
              >
                You can buy it if you want to feel some warm with your clithes and do you think about your hands? You can warm it with our gloves)
              </p>
              <br />
              <p
                class="card__date"
              >
                16/02/14
                <svg
                  aria-hidden="true"
                  class="svg-inline--fa fa-share-nodes "
                  data-icon="share-nodes"
                  data-prefix="fas"
                  focusable="false"
                  role="img"
                  viewBox="0 0 448 512"
                  xmlns="http://www.w3.org/2000/svg"
                >
                  <path
                    d="M352 224c53 0 96-43 96-96s-43-96-96-96s-96 43-96 96c0 4 .2 8 .7 11.9l-94.1 47C145.4 170.2 121.9 160 96 160c-53 0-96 43-96 96s43 96 96 96c25.9 0 49.4-10.2 66.6-26.9l94.1 47c-.5 3.9-.7 7.8-.7 11.9c0 53 43 96 96 96s96-43 96-96s-43-96-96-96c-25.9 0-49.4 10.2-66.6 26.9l-94.1-47c.5-3.9 .7-7.8 .7-11.9s-.2-8-.7-11.9l94.1-47C302.6 213.8 326.1 224 352 224z"
                    fill="currentColor"
                  />
                </svg>
              </p>
            </div>
            <br />
            <div
              class="card-additional-horizontal"
            >
              <p
                class="card__likes"
              >
                100
                <svg
                  aria-hidden="true"
                  class="svg-inline--fa fa-thumbs-up "
                  data-icon="thumbs-up"
                  data-prefix="fas"
                  focusable="false"
                  role="img"
                  viewBox="0 0 512 512"
                  xmlns="http://www.w3.org/2000/svg"
                >
                  <path
                    d="M313.4 32.9c26 5.2 42.9 30.5 37.7 56.5l-2.3 11.4c-5.3 26.7-15.1 52.1-28.8 75.2H464c26.5 0 48 21.5 48 48c0 25.3-19.5 46-44.3 47.9c7.7 8.5 12.3 19.8 12.3 32.1c0 23.4-16.8 42.9-38.9 47.1c4.4 7.2 6.9 15.8 6.9 24.9c0 21.3-13.9 39.4-33.1 45.6c.7 3.3 1.1 6.8 1.1 10.4c0 26.5-21.5 48-48 48H294.5c-19 0-37.5-5.6-53.3-16.1l-38.5-25.7C176 420.4 160 390.4 160 358.3V320 272 247.1c0-29.2 13.3-56.7 36-75l7.4-5.9c26.5-21.2 44.6-51 51.2-84.2l2.3-11.4c5.2-26 30.5-42.9 56.5-37.7zM32 192H96c17.7 0 32 14.3 32 32V448c0 17.7-14.3 32-32 32H32c-17.7 0-32-14.3-32-32V224c0-17.7 14.3-32 32-32z"
                    fill="currentColor"
                  />
                </svg>
              </p>
              <p
                class="card__watches"
              >
                300
                <svg
                  aria-hidden="true"
                  class="svg-inline--fa fa-eye "
                  data-icon="eye"
                  data-prefix="fas"
                  focusable="false"
                  role="img"
                  viewBox="0 0 576 512"
                  xmlns="http://www.w3.org/2000/svg"
                >
                  <path
                    d="M288 32c-80.8 0-145.5 36.8-192.6 80.6C48.6 156 17.3 208 2.5 243.7c-3.3 7.9-3.3 16.7 0 24.6C17.3 304 48.6 356 95.4 399.4C142.5 443.2 207.2 480 288 480s145.5-36.8 192.6-80.6c46.8-43.5 78.1-95.4 93-131.1c3.3-7.9 3.3-16.7 0-24.6c-14.9-35.7-46.2-87.7-93-131.1C433.5 68.8 368.8 32 288 32zM432 256c0 79.5-64.5 144-144 144s-144-64.5-144-144s64.5-144 144-144s144 64.5 144 144zM288 192c0 35.3-28.7 64-64 64c-11.5 0-22.3-3-31.6-8.4c-.2 2.8-.4 5.5-.4 8.4c0 53 43 96 96 96s96-43 96-96s-43-96-96-96c-2.8 0-5.6 .1-8.4 .4c5.3 9.3 8.4 20.1 8.4 31.6z"
                    fill="currentColor"
                  />
                </svg>
              </p>
            </div>
            <div
              class="icon-heart"
            >
              <svg
                aria-hidden="true"
                class="svg-inline--fa fa-heart "
                data-icon="heart"
                data-prefix="far"
                focusable="false"
                role="img"
                viewBox="0 0 512 512"
                xmlns="http://www.w3.org/2000/svg"
              >
                <path
                  d="M244 84L255.1 96L267.1 84.02C300.6 51.37 347 36.51 392.6 44.1C461.5 55.58 512 115.2 512 185.1V190.9C512 232.4 494.8 272.1 464.4 300.4L283.7 469.1C276.2 476.1 266.3 480 256 480C245.7 480 235.8 476.1 228.3 469.1L47.59 300.4C17.23 272.1 0 232.4 0 190.9V185.1C0 115.2 50.52 55.58 119.4 44.1C164.1 36.51 211.4 51.37 244 84C243.1 84 244 84.01 244 84L244 84zM255.1 163.9L210.1 117.1C188.4 96.28 157.6 86.4 127.3 91.44C81.55 99.07 48 138.7 48 185.1V190.9C48 219.1 59.71 246.1 80.34 265.3L256 429.3L431.7 265.3C452.3 246.1 464 219.1 464 190.9V185.1C464 138.7 430.4 99.07 384.7 91.44C354.4 86.4 323.6 96.28 301.9 117.1L255.1 163.9z"
                  fill="currentColor"
                />
              </svg>
            </div>
          </div>
        </a>
      </div>
      <div
        class="form-profile"
      >
        <form>
          <label />
          <input
            placeholder="Enter your name"
            type="text"
          />
          <label>
            Enter your birthday 
            <input
              type="date"
            />
          </label>
          <select>
            <option>
              Minsk
            </option>
            <option>
              Brest
            </option>
            <option>
              Mohiloy
            </option>
            <option>
              Grodno
            </option>
          </select>
          <label>
            <input
              type="checkbox"
            />
             I agree to get some messages
          </label>
          <label>
            Gender
            <select>
              <option>
                Male
              </option>
              <option>
                Female
              </option>
            </select>
          </label>
          <label>
            Profile Picture 
            <input
              multiple=""
              type="file"
            />
          </label>
          <button
            disabled=""
          >
            Send
          </button>
        </form>
      </div>
      <div
        class="personal-data-cards"
      />
    </div>
  </div>
</DocumentFragment>
`;
